MPLINK 5.09, LINKER
Linker Map File - Created Wed Nov 13 13:57:19 2024

                                 Section Info
                  Section       Type    Address   Location Size(Bytes)
                ---------  ---------  ---------  ---------  ---------
                   .org_0       code   0x000000    program   0x000002
                   .cinit    romdata   0x000001    program   0x000004
                   .org_1       code   0x000004    program   0x000030
          INITIALIZE_CODE       code   0x00001c    program   0x0000ec
         SUBROUTINES_CODE       code   0x000092    program   0x0000b2
.config_8007_BUILD/DEFAULT/PRODUCTION/_EXT/14       code   0x008007    program   0x000002
.config_8008_BUILD/DEFAULT/PRODUCTION/_EXT/14       code   0x008008    program   0x000002



                              Program Memory Usage 
                               Start         End      
                           ---------   ---------      
                            0x000000    0x000002      
                            0x000004    0x0000ea      
                            0x008007    0x008008      
            236 out of 16647 program addresses used, program memory utilization is 1%



                              Symbols - Sorted by Name
                     Name    Address   Location    Storage File                     
                ---------  ---------  ---------  --------- ---------                
               FIRE_BURST   0x0000b1    program     static ..\SUBROUTINES.inc       
          FIRE_CONTINUOUS   0x000092    program     static ..\SUBROUTINES.inc       
                FIRE_SEMI   0x00009d    program     static ..\SUBROUTINES.inc       
                   GOBACK   0x000014    program     static ..\Project_Gun.asm       
               INITIALIZE   0x00001c    program     static ..\16LF1788_SETUP.inc    
                INTERRUPT   0x000007    program     static ..\Project_Gun.asm       
                     MAIN   0x00001b    program     static ..\Project_Gun.asm       
         POLL_TMR1_BURST1   0x0000be    program     static ..\SUBROUTINES.inc       
         POLL_TMR1_BURST2   0x0000c4    program     static ..\SUBROUTINES.inc       
         POLL_TMR1_BURST3   0x0000ca    program     static ..\SUBROUTINES.inc       
         POLL_TMR1_BURST4   0x0000d0    program     static ..\SUBROUTINES.inc       
         POLL_TMR1_BURST5   0x0000d6    program     static ..\SUBROUTINES.inc       
           POLL_TMR1_SEMI   0x0000ac    program     static ..\SUBROUTINES.inc       
                    SETUP   0x000005    program     static ..\Project_Gun.asm       
                SET_38KHZ   0x0000d9    program     static ..\SUBROUTINES.inc       
                SET_56KHZ   0x0000e2    program     static ..\SUBROUTINES.inc       
              STOP_FIRING   0x000099    program     static ..\SUBROUTINES.inc       
                TEST_MODE   0x00000e    program     static ..\Project_Gun.asm       
                TEST_TMR1   0x00000e    program     static ..\Project_Gun.asm       



                              Symbols - Sorted by Address
                     Name    Address   Location    Storage File                     
                ---------  ---------  ---------  --------- ---------                
                    SETUP   0x000005    program     static ..\Project_Gun.asm       
                INTERRUPT   0x000007    program     static ..\Project_Gun.asm       
                TEST_TMR1   0x00000e    program     static ..\Project_Gun.asm       
                TEST_MODE   0x00000e    program     static ..\Project_Gun.asm       
                   GOBACK   0x000014    program     static ..\Project_Gun.asm       
                     MAIN   0x00001b    program     static ..\Project_Gun.asm       
               INITIALIZE   0x00001c    program     static ..\16LF1788_SETUP.inc    
          FIRE_CONTINUOUS   0x000092    program     static ..\SUBROUTINES.inc       
              STOP_FIRING   0x000099    program     static ..\SUBROUTINES.inc       
                FIRE_SEMI   0x00009d    program     static ..\SUBROUTINES.inc       
           POLL_TMR1_SEMI   0x0000ac    program     static ..\SUBROUTINES.inc       
               FIRE_BURST   0x0000b1    program     static ..\SUBROUTINES.inc       
         POLL_TMR1_BURST1   0x0000be    program     static ..\SUBROUTINES.inc       
         POLL_TMR1_BURST2   0x0000c4    program     static ..\SUBROUTINES.inc       
         POLL_TMR1_BURST3   0x0000ca    program     static ..\SUBROUTINES.inc       
         POLL_TMR1_BURST4   0x0000d0    program     static ..\SUBROUTINES.inc       
         POLL_TMR1_BURST5   0x0000d6    program     static ..\SUBROUTINES.inc       
                SET_38KHZ   0x0000d9    program     static ..\SUBROUTINES.inc       
                SET_56KHZ   0x0000e2    program     static ..\SUBROUTINES.inc       


