MPLINK 5.09, LINKER
Linker Map File - Created Thu Nov 21 11:55:11 2024

                                 Section Info
                  Section       Type    Address   Location Size(Bytes)
                ---------  ---------  ---------  ---------  ---------
                   .org_0       code   0x000000    program   0x000002
                   .cinit    romdata   0x000001    program   0x000004
                   .org_1       code   0x000004    program   0x00001a
          INITIALIZE_CODE       code   0x000011    program   0x00010a
         SUBROUTINES_CODE       code   0x000096    program   0x0000ec
.config_8007_BUILD/DEFAULT/PRODUCTION/_EXT/14       code   0x008007    program   0x000002
.config_8008_BUILD/DEFAULT/PRODUCTION/_EXT/14       code   0x008008    program   0x000002



                              Program Memory Usage 
                               Start         End      
                           ---------   ---------      
                            0x000000    0x000002      
                            0x000004    0x00010b      
                            0x008007    0x008008      
            269 out of 16647 program addresses used, program memory utilization is 1%



                              Symbols - Sorted by Name
                     Name    Address   Location    Storage File                     
                ---------  ---------  ---------  --------- ---------                
                    ABORT   0x0000a3    program     static ..\SUBROUTINES.inc       
                BIT_6_SET   0x0000fd    program     static ..\SUBROUTINES.inc       
                 CONTINUE   0x000104    program     static ..\SUBROUTINES.inc       
               DRIVE_BACK   0x0000ba    program     static ..\SUBROUTINES.inc       
            DRIVE_FORWARD   0x0000ae    program     static ..\SUBROUTINES.inc       
                   GOBACK   0x00000c    program     static ..\CRAP.asm              
               INITIALIZE   0x000011    program     static ..\16F1788_SETUP.inc     
                INTERRUPT   0x000007    program     static ..\CRAP.asm              
                     MAIN   0x000010    program     static ..\CRAP.asm              
             RECEIVE_BYTE   0x00009a    program     static ..\SUBROUTINES.inc       
                    SETUP   0x000005    program     static ..\CRAP.asm              
                 SET_ARMS   0x0000e3    program     static ..\SUBROUTINES.inc       
               TEST_BYTE1   0x0000e5    program     static ..\SUBROUTINES.inc       
               TEST_BYTE2   0x0000f8    program     static ..\SUBROUTINES.inc       
            TEST_CONTINUE   0x000107    program     static ..\SUBROUTINES.inc       
              TOGGLE_ARMS   0x0000de    program     static ..\SUBROUTINES.inc       
           TRANSMIT_STUFF   0x000096    program     static ..\SUBROUTINES.inc       
                TURN_LEFT   0x0000c6    program     static ..\SUBROUTINES.inc       
               TURN_RIGHT   0x0000d2    program     static ..\SUBROUTINES.inc       



                              Symbols - Sorted by Address
                     Name    Address   Location    Storage File                     
                ---------  ---------  ---------  --------- ---------                
                    SETUP   0x000005    program     static ..\CRAP.asm              
                INTERRUPT   0x000007    program     static ..\CRAP.asm              
                   GOBACK   0x00000c    program     static ..\CRAP.asm              
                     MAIN   0x000010    program     static ..\CRAP.asm              
               INITIALIZE   0x000011    program     static ..\16F1788_SETUP.inc     
           TRANSMIT_STUFF   0x000096    program     static ..\SUBROUTINES.inc       
             RECEIVE_BYTE   0x00009a    program     static ..\SUBROUTINES.inc       
                    ABORT   0x0000a3    program     static ..\SUBROUTINES.inc       
            DRIVE_FORWARD   0x0000ae    program     static ..\SUBROUTINES.inc       
               DRIVE_BACK   0x0000ba    program     static ..\SUBROUTINES.inc       
                TURN_LEFT   0x0000c6    program     static ..\SUBROUTINES.inc       
               TURN_RIGHT   0x0000d2    program     static ..\SUBROUTINES.inc       
              TOGGLE_ARMS   0x0000de    program     static ..\SUBROUTINES.inc       
                 SET_ARMS   0x0000e3    program     static ..\SUBROUTINES.inc       
               TEST_BYTE1   0x0000e5    program     static ..\SUBROUTINES.inc       
               TEST_BYTE2   0x0000f8    program     static ..\SUBROUTINES.inc       
                BIT_6_SET   0x0000fd    program     static ..\SUBROUTINES.inc       
                 CONTINUE   0x000104    program     static ..\SUBROUTINES.inc       
            TEST_CONTINUE   0x000107    program     static ..\SUBROUTINES.inc       


