MPLINK 5.09, LINKER
Linker Map File - Created Fri Mar 14 10:49:06 2025

                                 Section Info
                  Section       Type    Address   Location Size(Bytes)
                ---------  ---------  ---------  ---------  ---------
                   .org_0       code   0x000000    program   0x000002
                   .cinit    romdata   0x000001    program   0x000004
                   .org_1       code   0x000004    program   0x00002a
          INITIALIZE_CODE       code   0x000019    program   0x0000e0
         SUBROUTINES_CODE       code   0x000089    program   0x000012
.config_8007_BUILD/DEFAULT/DEBUG/_EXT/1472/PR       code   0x008007    program   0x000002
.config_8008_BUILD/DEFAULT/DEBUG/_EXT/1472/PR       code   0x008008    program   0x000002



                              Program Memory Usage 
                               Start         End      
                           ---------   ---------      
                            0x000000    0x000002      
                            0x000004    0x000091      
                            0x008007    0x008008      
            147 out of 16647 program addresses used, program memory utilization is 0%



                              Symbols - Sorted by Name
                     Name    Address   Location    Storage File                     
                ---------  ---------  ---------  --------- ---------                
                   GOBACK   0x00000a    program     static ..\Project_Slave_001.asm 
          HANDLE_NEW_DATA   0x000011    program     static ..\Project_Slave_001.asm 
               INITIALIZE   0x000019    program     static ..\16F1788_SETUP.inc     
                INTERRUPT   0x000007    program     static ..\Project_Slave_001.asm 
                     MAIN   0x00000d    program     static ..\Project_Slave_001.asm 
                  RECEIVE   0x000089    program     static ..\SUBROUTINES.inc       
                    SETUP   0x000005    program     static ..\Project_Slave_001.asm 
                  SET_RA0   0x000017    program     static ..\Project_Slave_001.asm 



                              Symbols - Sorted by Address
                     Name    Address   Location    Storage File                     
                ---------  ---------  ---------  --------- ---------                
                    SETUP   0x000005    program     static ..\Project_Slave_001.asm 
                INTERRUPT   0x000007    program     static ..\Project_Slave_001.asm 
                   GOBACK   0x00000a    program     static ..\Project_Slave_001.asm 
                     MAIN   0x00000d    program     static ..\Project_Slave_001.asm 
          HANDLE_NEW_DATA   0x000011    program     static ..\Project_Slave_001.asm 
                  SET_RA0   0x000017    program     static ..\Project_Slave_001.asm 
               INITIALIZE   0x000019    program     static ..\16F1788_SETUP.inc     
                  RECEIVE   0x000089    program     static ..\SUBROUTINES.inc       


